******************************************************************************
                  TI ARM Linker PC v20.2.5                     
******************************************************************************
>> Linked Thu May 27 20:00:12 2021

OUTPUT FILE NAME:   <Proyecto.out>
ENTRY POINT SYMBOL: "_c_int00_noargs"  address: 00000add


MEMORY CONFIGURATION

         name            origin    length      used     unused   attr    fill
----------------------  --------  ---------  --------  --------  ----  --------
  FLASH                 00000000   00040000  00000d02  0003f2fe  R  X
  SRAM                  20000000   00008000  00000202  00007dfe  RW X


SEGMENT ALLOCATION MAP

run origin  load origin   length   init length attrs members
----------  ----------- ---------- ----------- ----- -------
00000000    00000000    00000d08   00000d08    r-x
  00000000    00000000    0000026c   0000026c    r-- .intvecs
  0000026c    0000026c    00000982   00000982    r-x .text
  00000bf0    00000bf0    000000fc   000000fc    r-- .const
  00000cf0    00000cf0    00000018   00000018    r-- .cinit
20000000    20000000    00000202   00000000    rw-
  20000000    20000000    00000200   00000000    rw- .stack
  20000200    20000200    00000002   00000000    rw- .data


SECTION ALLOCATION MAP

 output                                  attributes/
section   page    origin      length       input sections
--------  ----  ----------  ----------   ----------------
.intvecs   0    00000000    0000026c     
                  00000000    0000026c     tm4c123gh6pm_startup_ccs.obj (.intvecs)

.text      0    0000026c    00000982     
                  0000026c    0000032c     main.obj (.text)
                  00000598    00000132     driverlib.lib : gpio.obj (.text:GPIOPadConfigSet)
                  000006ca    00000002     --HOLE-- [fill = 0]
                  000006cc    00000110                   : sysctl.obj (.text:SysCtlClockGet)
                  000007dc    000000f4                   : sysctl.obj (.text:SysCtlClockSet)
                  000008d0    0000009c     rtsv7M4_T_le_v4SPD16_eabi.lib : memcpy_t2.asm.obj (.text)
                  0000096c    00000068                                   : copy_decompress_lzss.c.obj (.text:decompress:lzss:__TI_decompress_lzss)
                  000009d4    00000048     driverlib.lib : gpio.obj (.text:GPIOPinConfigure)
                  00000a1c    00000046                   : uart.obj (.text:UARTConfigSetExpClk)
                  00000a62    00000002     --HOLE-- [fill = 0]
                  00000a64    00000044     rtsv7M4_T_le_v4SPD16_eabi.lib : autoinit.c.obj (.text:__TI_auto_init_nobinit_nopinit:__TI_auto_init_nobinit_nopinit)
                  00000aa8    00000034     driverlib.lib : sysctl.obj (.text:SysCtlPeripheralEnable)
                  00000adc    00000034     rtsv7M4_T_le_v4SPD16_eabi.lib : boot_cortex_m.c.obj (.text:_c_int00_noargs:_c_int00_noargs)
                  00000b10    0000002a     driverlib.lib : gpio.obj (.text:GPIODirModeSet)
                  00000b3a    00000002     --HOLE-- [fill = 0]
                  00000b3c    00000020                   : uart.obj (.text:UARTDisable)
                  00000b5c    00000018                   : gpio.obj (.text:GPIOPinTypeGPIOOutput)
                  00000b74    00000014                   : uart.obj (.text:UARTEnable)
                  00000b88    00000012                   : gpio.obj (.text:GPIOPinTypeGPIOInput)
                  00000b9a    00000012                   : gpio.obj (.text:GPIOPinTypeUART)
                  00000bac    0000000e     rtsv7M4_T_le_v4SPD16_eabi.lib : copy_decompress_none.c.obj (.text:decompress:none:__TI_decompress_none)
                  00000bba    0000000c     tm4c123gh6pm_startup_ccs.obj (.text)
                  00000bc6    0000000a     driverlib.lib : uart.obj (.text:UARTCharPut)
                  00000bd0    00000006                   : gpio.obj (.text:GPIOPinRead)
                  00000bd6    00000006                   : gpio.obj (.text:GPIOPinWrite)
                  00000bdc    00000006                   : sysctl.obj (.text:SysCtlDelay)
                  00000be2    00000004                   : uart.obj (.text:UARTIntClear)
                  00000be6    00000004     rtsv7M4_T_le_v4SPD16_eabi.lib : pre_init.c.obj (.text:_system_pre_init)
                  00000bea    00000004                                   : exit.c.obj (.text:abort:abort)

.const     0    00000bf0    000000fc     
                  00000bf0    00000090     driverlib.lib : gpio.obj (.const:g_pui32GPIOBaseAddrs)
                  00000c80    0000006c                   : sysctl.obj (.const:g_pui32Xtals)

.cinit     0    00000cf0    00000018     
                  00000cf0    00000008     (__TI_handler_table)
                  00000cf8    00000006     (.cinit..data.load) [load image, compression = lzss]
                  00000cfe    00000002     --HOLE-- [fill = 0]
                  00000d00    00000008     (__TI_cinit_table)

.init_array 
*          0    00000000    00000000     UNINITIALIZED

.data      0    20000200    00000002     UNINITIALIZED
                  20000200    00000002     main.obj (.data)

.stack     0    20000000    00000200     UNINITIALIZED
                  20000000    00000004     rtsv7M4_T_le_v4SPD16_eabi.lib : boot_cortex_m.c.obj (.stack)
                  20000004    000001fc     --HOLE--

__llvm_prf_cnts 
*          0    20000000    00000000     UNINITIALIZED

MODULE SUMMARY

       Module                         code   ro data   rw data
       ------                         ----   -------   -------
    .\
       main.obj                       812    0         2      
       tm4c123gh6pm_startup_ccs.obj   12     620       0      
    +--+------------------------------+------+---------+---------+
       Total:                         824    620       2      
                                                              
    C:/ti/TivaWare_C_Series-2.1.4.178/driverlib/ccs/Debug/driverlib.lib
       sysctl.obj                     574    108       0      
       gpio.obj                       492    144       0      
       uart.obj                       136    0         0      
    +--+------------------------------+------+---------+---------+
       Total:                         1202   252       0      
                                                              
    C:\ti\ccs1031\ccs\tools\compiler\ti-cgt-arm_20.2.5.LTS\lib\rtsv7M4_T_le_v4SPD16_eabi.lib
       memcpy_t2.asm.obj              156    0         0      
       copy_decompress_lzss.c.obj     104    0         0      
       autoinit.c.obj                 68     0         0      
       boot_cortex_m.c.obj            52     0         0      
       copy_decompress_none.c.obj     14     0         0      
       exit.c.obj                     4      0         0      
       pre_init.c.obj                 4      0         0      
    +--+------------------------------+------+---------+---------+
       Total:                         402    0         0      
                                                              
       Stack:                         0      0         512    
       Linker Generated:              0      22        0      
    +--+------------------------------+------+---------+---------+
       Grand Total:                   2428   894       514    


LINKER GENERATED COPY TABLES

__TI_cinit_table @ 00000d00 records: 1, size/record: 8, table size: 8
	.data: load addr=00000cf8, load size=00000006 bytes, run addr=20000200, run size=00000002 bytes, compression=lzss


LINKER GENERATED HANDLER TABLE

__TI_handler_table @ 00000cf0 records: 2, size/record: 4, table size: 8
	index: 0, handler: __TI_decompress_lzss
	index: 1, handler: __TI_decompress_none


GLOBAL SYMBOLS: SORTED ALPHABETICALLY BY Name 

address   name                          
-------   ----                          
00000beb  C$$EXIT                       
00000b11  GPIODirModeSet                
00000599  GPIOPadConfigSet              
000009d5  GPIOPinConfigure              
00000bd1  GPIOPinRead                   
00000b89  GPIOPinTypeGPIOInput          
00000b5d  GPIOPinTypeGPIOOutput         
00000b9b  GPIOPinTypeUART               
00000bd7  GPIOPinWrite                  
00000bbb  ResetISR                      
000006cd  SysCtlClockGet                
000007dd  SysCtlClockSet                
00000bdd  SysCtlDelay                   
00000aa9  SysCtlPeripheralEnable        
00000bc7  UARTCharPut                   
00000a1d  UARTConfigSetExpClk           
00000b3d  UARTDisable                   
00000b75  UARTEnable                    
00000be3  UARTIntClear                  
20000200  __STACK_END                   
00000200  __STACK_SIZE                  
20000200  __STACK_TOP                   
00000d00  __TI_CINIT_Base               
00000d08  __TI_CINIT_Limit              
00000cf0  __TI_Handler_Table_Base       
00000cf8  __TI_Handler_Table_Limit      
00000a65  __TI_auto_init_nobinit_nopinit
0000096d  __TI_decompress_lzss          
00000bad  __TI_decompress_none          
ffffffff  __TI_pprof_out_hndl           
ffffffff  __TI_prof_data_size           
ffffffff  __TI_prof_data_start          
00000000  __TI_static_base__            
000008d1  __aeabi_memcpy                
000008d1  __aeabi_memcpy4               
000008d1  __aeabi_memcpy8               
ffffffff  __binit__                     
ffffffff  __c_args__                    
UNDEFED   __mpu_init                    
20000000  __stack                       
20000000  __start___llvm_prf_cnts       
20000000  __stop___llvm_prf_cnts        
00000add  _c_int00_noargs               
UNDEFED   _system_post_cinit            
00000be7  _system_pre_init              
00000beb  abort                         
20000200  bandera                       
20000201  bandera2                      
ffffffff  binit                         
00000385  display                       
00000000  g_pfnVectors                  
0000026d  main                          
000008d1  memcpy                        


GLOBAL SYMBOLS: SORTED BY Symbol Address 

address   name                          
-------   ----                          
00000000  __TI_static_base__            
00000000  g_pfnVectors                  
00000200  __STACK_SIZE                  
0000026d  main                          
00000385  display                       
00000599  GPIOPadConfigSet              
000006cd  SysCtlClockGet                
000007dd  SysCtlClockSet                
000008d1  __aeabi_memcpy                
000008d1  __aeabi_memcpy4               
000008d1  __aeabi_memcpy8               
000008d1  memcpy                        
0000096d  __TI_decompress_lzss          
000009d5  GPIOPinConfigure              
00000a1d  UARTConfigSetExpClk           
00000a65  __TI_auto_init_nobinit_nopinit
00000aa9  SysCtlPeripheralEnable        
00000add  _c_int00_noargs               
00000b11  GPIODirModeSet                
00000b3d  UARTDisable                   
00000b5d  GPIOPinTypeGPIOOutput         
00000b75  UARTEnable                    
00000b89  GPIOPinTypeGPIOInput          
00000b9b  GPIOPinTypeUART               
00000bad  __TI_decompress_none          
00000bbb  ResetISR                      
00000bc7  UARTCharPut                   
00000bd1  GPIOPinRead                   
00000bd7  GPIOPinWrite                  
00000bdd  SysCtlDelay                   
00000be3  UARTIntClear                  
00000be7  _system_pre_init              
00000beb  C$$EXIT                       
00000beb  abort                         
00000cf0  __TI_Handler_Table_Base       
00000cf8  __TI_Handler_Table_Limit      
00000d00  __TI_CINIT_Base               
00000d08  __TI_CINIT_Limit              
20000000  __stack                       
20000000  __start___llvm_prf_cnts       
20000000  __stop___llvm_prf_cnts        
20000200  __STACK_END                   
20000200  __STACK_TOP                   
20000200  bandera                       
20000201  bandera2                      
ffffffff  __TI_pprof_out_hndl           
ffffffff  __TI_prof_data_size           
ffffffff  __TI_prof_data_start          
ffffffff  __binit__                     
ffffffff  __c_args__                    
ffffffff  binit                         
UNDEFED   __mpu_init                    
UNDEFED   _system_post_cinit            

[53 symbols]
